TR
TRANSFER(       TRANSPOSE_(     TRIM(           
TRANSLATE(      TRANSPOSE_MUL(  
TR
%TREE-W-NOT_OPEN, Tree not currently open
%TDI Error compiling region marked by ^
TR
 ^
%TDI Error in EXECUTE("TR")

tree
tree_from_tag(         treefindtagend(        treeputrecord(
treeabspath(           treefindtagwild(       treequit(
treeaddnode(           treeflushoff(          treesetcurrentshot(
treeaddtag(            treeflushreset(        treesetdbiitm(
treeclose(             treegetcurrentshot(    treesetdefault(
treecreatepulsefile(   treegetrecord(         treesetnciitm(
treedeletepulsefile(   treegetsource(         treesetsource(
treedirname(           treeopen(              treeturnoff(
treefilename(          treeopenedit(          treeturnon(
treefindnodetags(      treeopennew(           treewrite(
treefindnodetagsjeff(  treeput(               
treefindnodewild(      treeputdeserialized(   
tree
%TREE-W-NOT_OPEN, Tree not currently open
%TDI Error compiling region marked by ^
tree
   ^
%TDI Error in EXECUTE("tree")

