mdsconnect("thread://0")>=0
1BU
mdsvalue("$",[1,2,3])
[1,2,3]
mdsvalue("DECOMPILE($)",[[1,2],[3,4]])
"[[1,2], [3,4]]"
mdsvalue("$",[[[[[[[1]]]]]]])
[[[[[[[1]]]]]]]
mdsvalue("$",[[[[[[[[1]]]]]]]])
[[[[[[[[1]]]]]]]]
mdsvalue("$",[[[[[[[[1,2]]]]]]],[[[[[[[3,4]]]]]]]])
[[[[[[[[1,2]]]]]]], [[[[[[[3,4]]]]]]]]
FOR(_i=1;_i<=3;_i++){setenv("mdsip_path=thread://"//char(0x30+_i)//"::.");treeopennew('MDSIP', _i);}
3
treeaddnode('A', _, 0)
265389633
treewrite()
265389633
treeputrecord('A',RANGE(3))
265389633
tcl('deco A')
RANGE(3)
1
WHILE(treeclose() & 1);mdsdisconnect()
65545
cat - > /tmp/test-mdsip.hosts << EOF
unknown@* | MAP_TO_LOCAL
known@1.* | SELF
EOF
          0          1          1          0
          1          1          1          0
cat - > /tmp/test-mdsip.hosts << EOF
!known@2.*.*.7
unknown@* | MAP_TO_LOCAL
unknown@* | SELF
known@*
!*@*
*
EOF
          1          2          2          0
          1          1          1          1
cat - > /tmp/test-mdsip.hosts << EOF
!known@*.*.*.7
*
multi | SELF
EOF
          0          0          2          1
          1          1          2          1
"/tmp/test-mdsip.hosts"
