Tcl('edit main/shot=5/new')
265389633
Tcl('add node tdidev/model=a12')
265389633
Tcl('decompile tdidev')
Build_Conglom("MIT$DEVICES", "A12", *, *)
1
Tcl('dir/full tdidev')

\MAIN::TOP

 :TDIDEV      
      Status: on,parent is on, usage device,readonly
      compress on put
      Model element: 1
      Device Help: A12: tdi, java or shared library device

Total of 1 node.
1
Tcl('do/method tdidev not_a_method')
Error executing device method
Error message was: %TREE-W-NOMETHOD, Method not available for this object
mdsdcl: --> failed on line 'do/method tdidev not_a_method'
265388208
Tcl('set node tdidev/nowrite_once')
1
Tcl('dir/full tdidev')

\MAIN::TOP

 :TDIDEV      
      Status: on,parent is on, usage device
      compress on put
      Model element: 1
      Device Help: A12: tdi, java or shared library device

Total of 1 node.
1
Tcl('set node tdidev/shot/model/off/nocompress/do_not/log')
Node:  modified
1
Tcl('dir/full tdidev')

\MAIN::TOP

 :TDIDEV      
      Status: off,parent is on, usage device
      do not compress
      Model element: 1
      Device Help: A12: tdi, java or shared library device

Total of 1 node.
1
Tcl('show data tdidev')
\MAIN::TOP:TDIDEV
 DTYPE_CONGLOM                 : 
     DTYPE_T                       : MIT$DEVICES
     DTYPE_T                       : A12
     *** EMPTY ****
     *** EMPTY ****
1
getnci(tdidev:name,"original_part_name")
":NAME"
py(['from MDSplus import Tree','ans=Tree().TDIDEV.NAME.doMethod("part_name")'],'ans')
":NAME"
Tcl('add node pydev/model=cygnet4k')
265389633
Tcl('dir/full pydev')

\MAIN::TOP

 :PYDEV       
      Status: on,parent is on, usage device,readonly
      compress on put
      Model element: 1
      Device Help: Cygnet 4K sCMOS Camera

Total of 1 node.
1
getnci(pydev:comment,"original_part_name")
":COMMENT"
Tcl('write')
265389633
