_shot=3
3
TreeOpen('main',-1,1)
265389633
member
[1,2,3,4,5,6,7,8,9,10]
_nids=getnci('***','nid_number'),size(_nids)
1829
getnci(_nids[100],'fullpath')
"\\MAIN::TOP.SUBTREE:A14:INPUT_3"
getnci(member,'rlength')
56LU
getnci(member,'length')
72LU
getnci(member,'on')
1BU
getnci('?ember','fullpath')
"\\MAIN::TOP:MEMBER"
getnci('%ember','fullpath')
["\\MAIN::TOP:MEMBER"]
getnci('\n','fullpath')
%TREE-W-NNF, Node Not Found
%TDI Error in GETNCI("\n", "fullpath")
%TDI Error in EXECUTE("getnci('\\n','fullpath')")

_tim=getnci(member,'time_inserted')
49776423271761650QU
date_time(_tim)
"11-AUG-2016 14:25:27.17"
.subtree:a12:name
"probes_aurora12_01"
size(.subtree:a12:stop_trig)
1
kind(.subtree:a12:stop_trig)
52BU
'total of '//text(size(getnci('***','nid_number','signal')))//' signals'
"total of         389 signals"
'total of '//text(size(getnci('***','nid_number','action')))//' actions'
"total of         100 actions"
'total of '//text(size(getnci('***','nid_number','numeric')))//' numerics'
"total of         957 numerics"
'total of '//text(size(_nids=getnci('***','nid_number','subtree')))//' subtrees'
"total of           2 subtrees"
getnci(_nids,'fullpath')
["\\MAIN::TOP.SUBTREE    ","\\MAIN::TOP.SUBTREE.GUB"]
TreeClose()
265389633
TreeOpen('main,',-1,1)
265389633
size(getnci('***','nid_number'))
1829
TreeOpen('main,subtree',-1,1)
265389633
size(getnci('***','nid_number'))
1829
getnci(.subtree:a12,"class")
194BU
getnci(.subtree:a12,"dtype")
200BU
getnci(.subtree:a12,"usage")
3BU
getnci(.subtree:a12,"fullpath")
"\\MAIN::TOP.SUBTREE:A12"
getnci(.subtree:a12,"minpath")
".SUBTREE:A12"
getnci(.subtree:a12,"node_name")
"A12         "
getnci(.subtree:a12:name,"original_part_name")
":NAME"
getnci(.subtree:a12,"path")
"\\SUBTREE::TOP:A12"
getnci(.subtree:a12,"compressible")
0BU
getnci(member,"compress_on_put")
0BU
getnci(member,"do_not_compress")
0BU
getnci(.subtree:a12,"essential")
0BU
getnci(.subtree:a12,"is_child")
0BU
getnci(.subtree:a12,"is_member")
1BU
getnci(.subtree:a12,"nid_reference")
0BU
getnci(.subtree:a12,"no_write_model")
0BU
getnci(.subtree:a12,"no_write_shot")
0BU
getnci(.subtree:a12,"parent_state")
0BU
getnci(.subtree:a12,"path_reference")
0BU
getnci(.subtree:a12,"setup_information")
0BU
getnci(.subtree:a12,"fullpath")
"\\MAIN::TOP.SUBTREE:A12"
getnci(.subtree:a12,"state")
0BU
getnci(.subtree:a12,"usage_action")
0BU
getnci(.subtree:a12,"usage_any")
0BU
getnci(.subtree:a12,"usage_axis")
0BU
getnci(.subtree:a12,"usage_compound_data")
0BU
getnci(.subtree:a12,"usage_device")
1BU
getnci(.subtree:a12,"usage_dispatch")
0BU
getnci(.subtree:a12,"usage_numeric")
0BU
getnci(.subtree:a12,"usage_signal")
0BU
getnci(.subtree:a12,"usage_structure")
0BU
getnci(.subtree:a12,"usage_subtree")
0BU
getnci(.subtree:a12,"usage_task")
0BU
getnci(.subtree:a12,"usage_text")
0BU
getnci(.subtree:a12,"usage_window")
0BU
getnci(.subtree:a12,"write_once")
1BU
getnci(.subtree:a12,"depth")
3
getnci(.subtree:a12,"length")
102LU
getnci(.subtree:a12,"nid_number")
16777217
getnci(.subtree:a12,"number_of_children")
0
getnci(.subtree:a12,"number_of_members")
12
getnci(.subtree:a12,"parent_relationship")
2
getnci(.subtree:a12,"get_flags")
128LU
getnci(.subtree:a12,"owner_id")
64LU
getnci(.subtree:a12,"status")
0LU
getnci(.subtree:a12,"brother")
.SUBTREE:A14
getnci(.subtree:a12,"child")
%TREE-W-NNF, Node Not Found
%TDI Error in GETNCI(.SUBTREE:A12, "child")
%TDI Error in EXECUTE('getnci(.subtree:a12,"child")')

getnci(.subtree:a12,"member")
.SUBTREE:A12:COMMENT
getnci(.subtree:a12,"parent")
.SUBTREE
getnci(.subtree:a12,"children_nids")
%TREE-W-NNF, Node Not Found
%TDI Error in GETNCI(.SUBTREE:A12, "children_nids")
%TDI Error in EXECUTE('getnci(.subtree:a12,"children_nids")')

getnci(.subtree:a12,"conglomerate_nids")
[.SUBTREE:A12,.SUBTREE:A12:NAME,.SUBTREE:A12:COMMENT,.SUBTREE:A12:EXT_CLOCK_IN,.SUBTREE:A12:STOP_TRIG,.SUBTREE:A12:INPUT_1,.SUBTREE:A12:INPUT_1:STARTIDX,.SUBTREE:A12:INPUT_1:ENDIDX,.SUBTREE:A12:INPUT_2,.SUBTREE:A12:INPUT_2:STARTIDX,.SUBTREE:A12:INPUT_2:ENDIDX,.SUBTREE:A12:INPUT_3,.SUBTREE:A12:INPUT_3:STARTIDX,.SUBTREE:A12:INPUT_3:ENDIDX,.SUBTREE:A12:INPUT_4,.SUBTREE:A12:INPUT_4:STARTIDX,.SUBTREE:A12:INPUT_4:ENDIDX,.SUBTREE:A12:INPUT_5,.SUBTREE:A12:INPUT_5:STARTIDX,.SUBTREE:A12:INPUT_5:ENDIDX,.SUBTREE:A12:INPUT_6,.SUBTREE:A12:INPUT_6:STARTIDX,.SUBTREE:A12:INPUT_6:ENDIDX,.SUBTREE:A12:INIT_ACTION,.SUBTREE:A12:STORE_ACTION]
getnci(.subtree:a12,"member_nids")
[.SUBTREE:A12:COMMENT,.SUBTREE:A12:EXT_CLOCK_IN,.SUBTREE:A12:INIT_ACTION,.SUBTREE:A12:INPUT_1,.SUBTREE:A12:INPUT_2,.SUBTREE:A12:INPUT_3,.SUBTREE:A12:INPUT_4,.SUBTREE:A12:INPUT_5,.SUBTREE:A12:INPUT_6,.SUBTREE:A12:NAME,.SUBTREE:A12:STOP_TRIG,.SUBTREE:A12:STORE_ACTION]
getnci(.subtree:a12,"time_inserted")
42905906361966385QU
getnci(.subtree:a12,"conglomerate_elt")
1WU
getnci(.subtree:a12,"record")
Build_Conglom("MIT$DEVICES", "A12", *, *)
getnci(.subtree:a12,"on")
1BU
getnci(.subtree:a12,"rlength")
58LU
TreeCreatePulseFile(_shot)
265389633
TreeClose('main',-1)
265389633
TreeOpen('main',_shot)
265389633
TreePutRecord(member,42)
265389633
member
42
TreePutRecord(member,build_with_units(1:1000,'volts'))
265389633
member
Build_With_Units(1 : 1000, "volts")
TreeOpen('main',-1,1)
265389633
TreeOpenEdit('main',_shot)
265389633
TreeClose('main',_shot)
265389633
TreeDeletePulseFile(_shot)
265389633
TreeClose()
265389633
TreeOpenNew('main',_shot)
265389633
_nid=0
0
TreeAddNode('.child',_nid,1)
265389633
getnci(_nid,'usage')
1BU
TreeAddNode('action',_nid,2)
265389633
getnci(_nid,'usage')
2BU
TreeAddNode('device',_nid,3)
265389633
getnci(_nid,'usage')
3BU
TreeAddNode('dispatch',_nid,4)
265389633
getnci(_nid,'usage')
4BU
TreeAddNode('numeric',_nid,5)
265389633
getnci(_nid,'usage')
5BU
TreeAddNode('segs',_nid,6)
265389633
TreeAddNode('signal',_nid,6)
265389633
getnci(_nid,'usage')
6BU
TreeAddNode('task',_nid,7)
265389633
getnci(_nid,'usage')
7BU
TreeAddNode('text',_nid,8)
265389633
getnci(_nid,'usage')
8BU
TreeAddNode('window',_nid,9)
265389633
getnci(_nid,'usage')
9BU
TreeAddNode('axis',_nid,10)
265389633
getnci(_nid,'usage')
10BU
TreeAddNode('.subtree',_nid,11)
265389633
getnci(_nid,'usage')
11BU
_nid
12
getnci(0,"child")
.CHILD
getnci(0,"children_nids")
[.CHILD,.SUBTREE]
TreeAddTag('.child','child')
265389633
TreeAddTag('.child','child_tag2')
265389633
TreeAddTag('.child','child_tag3')
265389633
TreeAddTag('.child','child_tag4')
265389633
TreeAddTag('.child','child_tag5')
265389633
TreeAddTag('action','action')
265389633
TreeAddTag('device','device')
265389633
TreeAddTag('dispatch','dispatch')
265389633
TreeAddTag('numeric','numeric')
265389633
TreeAddTag('signal','signal')
265389633
TreeAddTag('task','task')
265389633
TreeAddTag('text','text')
265389633
TreeAddTag('window','window')
265389633
TreeAddTag('axis','axis')
265389633
TreeAddNode('tobedeleted',_nid,0)
265389633
_count=0
0
TreeShr->TreeDeleteNodeInitialize(val(getnci(tobedeleted,'nid_number')),ref(_count),val(0))
265389633
_count
1
TreeShr->TreeDeleteNodeExecute(),1
1
TreeShr->TreeEditing()
265389633
getnci(\child,'nid_number')
1
getnci(\child_tag2,'nid_number')
1
getnci(\child_tag3,'nid_number')
1
getnci(\child_tag4,'nid_number')
1
getnci(\child_tag5,'nid_number')
1
TreeShr->TreeRemoveTag(ref('child_tag2\0'))
265389633
getnci(\child,'nid_number')
1
getnci('\\child_tag2','nid_number')
%TREE-W-NNF, Node Not Found
%TDI Error in GETNCI("\\child_tag2", "nid_number")
%TDI Error in EXECUTE("getnci('\\\\child_tag2','nid_number')")

getnci(\child_tag3,'nid_number')
1
getnci(\child_tag4,'nid_number')
1
getnci(\child_tag5,'nid_number')
1
TreeShr->TreeVerify()
Node summary:
  Allocated = 13/14
  Free      = 0/14
  Other     = 1/14
265389633
TreePutRecord(action,Build_Action(Build_Dispatch(2, "CAMAC_SERVER", "INIT", *, *), Build_Method(*, "INIT", ACTION), *, *, *))
265389633
action
Build_Action(Build_Dispatch(2, "CAMAC_SERVER", "INIT", *, *), Build_Method(*, "INIT", ACTION), *, *, *)
TreePutRecord(device,Build_Conglom("MIT$DEVICES", "A12", *, *))
265389633
device
Build_Conglom("MIT$DEVICES", "A12", *, *)
TreePutRecord(dispatch,Build_Dispatch(2, "CAMAC_SERVER", "INIT", *, *))
265389633
dispatch
Build_Dispatch(2, "CAMAC_SERVER", "INIT", *, *)
TreePutRecord(numeric,42)
265389633
numeric
42
TreePutRecord(signal,build_signal($value*100,`data(1:40),build_dim(build_window(1,40,-4.),* : * : 1E-4)))
265389633
signal
Build_Signal($VALUE * 100, [1,2,3,4,5,6,7,8,9,10,11,12,13,14,15,16,17,18,19,20,21,22,23,24,25,26,27,28,29,30,31,32,33,34,35,36,37,38,39,40], Build_Dim(Build_Window(1, 40, -4.), * : * : .0001))
TreePutRecord(signal,build_signal($value*100,`data(1:8140),build_dim(build_window(1,8140,-4.),* : * : 1E-4)))
265389633
signal,1
1
TreePutRecord(signal,build_signal($value*100,`data(1:8140),build_dim(build_window(1,8140,-4.),* : * : 1E-4)))
265389633
signal,1
1
_len=getnci(signal,'length');'different on 32 vs 64bit'
"different on 32 vs 64bit"
getnci(signal,'rlength')
2345LU
TreePutRecord(task,Build_Method(*, "INIT", ACTION))
265389633
task
Build_Method(*, "INIT", ACTION)
TreePutRecord(text,"This is a test")
265389633
text
"This is a test"
TreePutRecord(window,build_window(1,40,-4.))
265389633
window
Build_Window(1, 40, -4.)
TreePutRecord(axis,1E-4 : 20E-4 : 1E-4)
265389633
axis
.0001 : .002 : .0001
MakeSegment(segs, 1,10, 1:10,data(1:10),*,10)
265389633
segs
Build_Signal([1,2,3,4,5,6,7,8,9,10], *, 1 : 10)
MakeSegment(segs,11,20,11:20,data(1:10),*, 9)
265389633
segs
Build_Signal([1,2,3,4,5,6,7,8,9,10,1,2,3,4,5,6,7,8,9], *, [1,2,3,4,5,6,7,8,9,10,11,12,13,14,15,16,17,18,19])
TreePutRecord(segs,)
265389633
BeginSegment(segs,0.,99.,0.:99.,data(0:99))
265389633
putsegment(segs,-1,data(0:9))
265389633
data(getsegment(segs, 0))
[0,1,2,3,4,5,6,7,8,9]
data(dim_of(getsegment(segs, 0)))
[0.,1.,2.,3.,4.,5.,6.,7.,8.,9.]
TreeWrite('main',_shot)
265389633
TreeClose()
265389633
TreeShr->TreeCompressDatafile(ref('main'),val(_shot))
265389633
TreeOpen('main',_shot)
265389633
_len==getnci(signal,'length')
1BU
getnci(signal,'rlength')
667LU
data(signal)[1:100]
[200,300,400,500,600,700,800,900,1000,1100,1200,1300,1400,1500,1600,1700,1800,1900,2000,2100,2200,2300,2400,2500,2600,2700,2800,2900,3000,3100,3200,3300,3400,3500,3600,3700,3800,3900,4000,4100,4200,4300,4400,4500,4600,4700,4800,4900,5000,5100,5200,5300,5400,5500,5600,5700,5800,5900,6000,6100,6200,6300,6400,6500,6600,6700,6800,6900,7000,7100,7200,7300,7400,7500,7600,7700,7800,7900,8000,8100,8200,8300,8400,8500,8600,8700,8800,8900,9000,9100,9200,9300,9400,9500,9600,9700,9800,9900,10000,10100]
TreeClose()
265389633
TreeOpen('main',-1,1)
265389633
TreeDeletePulseFile(_shot)
265389633
TreeClose()
265389633
TreeOpen('subtree', -1)
265388067
Tcl('dir *:***:startidx')

\SUBTREE::A12_INPUT_1

 :STARTIDX    

Total of 1 node.

\SUBTREE::A12_INPUT_2

 :STARTIDX    

Total of 1 node.

\SUBTREE::A12_INPUT_3

 :STARTIDX    

Total of 1 node.

\SUBTREE::A12_INPUT_4

 :STARTIDX    

Total of 1 node.

\SUBTREE::TOP:A12:INPUT_5

 :STARTIDX    

Total of 1 node.

\SUBTREE::A12_INPUT_6

 :STARTIDX    

Total of 1 node.

\SUBTREE::TOP:A14:INPUT_1

 :STARTIDX    

Total of 1 node.

\SUBTREE::TOP:A14:INPUT_2

 :STARTIDX    

Total of 1 node.

\SUBTREE::TOP:A14:INPUT_3

 :STARTIDX    

Total of 1 node.

\SUBTREE::TOP:A14:INPUT_4

 :STARTIDX    

Total of 1 node.

\SUBTREE::TOP:A14:INPUT_5

 :STARTIDX    

Total of 1 node.

\SUBTREE::TOP:A14:INPUT_6

 :STARTIDX    

Total of 1 node.

\SUBTREE::TOP:EC727:INPUT_01

 :STARTIDX    

Total of 1 node.

\SUBTREE::TOP:EC727:INPUT_02

 :STARTIDX    

Total of 1 node.

\SUBTREE::TOP:EC727:INPUT_03

 :STARTIDX    

Total of 1 node.

\SUBTREE::TOP:EC727:INPUT_04

 :STARTIDX    

Total of 1 node.

\SUBTREE::TOP:EC727:INPUT_05

 :STARTIDX    

Total of 1 node.

\SUBTREE::TOP:EC727:INPUT_06

 :STARTIDX    

Total of 1 node.

\SUBTREE::TOP:EC727:INPUT_07

 :STARTIDX    

Total of 1 node.

\SUBTREE::TOP:EC727:INPUT_08

 :STARTIDX    

Total of 1 node.

\SUBTREE::TOP:EC727:INPUT_09

 :STARTIDX    

Total of 1 node.

\SUBTREE::TOP:EC727:INPUT_10

 :STARTIDX    

Total of 1 node.

\SUBTREE::TOP:EC727:INPUT_11

 :STARTIDX    

Total of 1 node.

\SUBTREE::TOP:EC727:INPUT_12

 :STARTIDX    

Total of 1 node.

\SUBTREE::TOP:EC727:INPUT_13

 :STARTIDX    

Total of 1 node.

\SUBTREE::TOP:EC727:INPUT_14

 :STARTIDX    

Total of 1 node.

\SUBTREE::TOP:EC727:INPUT_15

 :STARTIDX    

Total of 1 node.

\SUBTREE::TOP:EC727:INPUT_16

 :STARTIDX    

Total of 1 node.

\SUBTREE::TOP:EC727:INPUT_17

 :STARTIDX    

Total of 1 node.

\SUBTREE::TOP:EC727:INPUT_18

 :STARTIDX    

Total of 1 node.

\SUBTREE::TOP:EC727:INPUT_19

 :STARTIDX    

Total of 1 node.

\SUBTREE::TOP:EC727:INPUT_20

 :STARTIDX    

Total of 1 node.

\SUBTREE::TOP:EC727:INPUT_21

 :STARTIDX    

Total of 1 node.

\SUBTREE::TOP:EC727:INPUT_22

 :STARTIDX    

Total of 1 node.

\SUBTREE::TOP:EC727:INPUT_23

 :STARTIDX    

Total of 1 node.

\SUBTREE::TOP:EC727:INPUT_24

 :STARTIDX    

Total of 1 node.

\SUBTREE::TOP:EC727:INPUT_25

 :STARTIDX    

Total of 1 node.

\SUBTREE::TOP:EC727:INPUT_26

 :STARTIDX    

Total of 1 node.

\SUBTREE::TOP:EC727:INPUT_27

 :STARTIDX    

Total of 1 node.

\SUBTREE::TOP:EC727:INPUT_28

 :STARTIDX    

Total of 1 node.

\SUBTREE::TOP:EC727:INPUT_29

 :STARTIDX    

Total of 1 node.

\SUBTREE::TOP:EC727:INPUT_30

 :STARTIDX    

Total of 1 node.

\SUBTREE::TOP:EC727:INPUT_31

 :STARTIDX    

Total of 1 node.

\SUBTREE::TOP:EC727:INPUT_32

 :STARTIDX    

Total of 1 node.

\SUBTREE::TOP:H908:INPUT_1

 :STARTIDX    

Total of 1 node.

\SUBTREE::TOP:H908:INPUT_10

 :STARTIDX    

Total of 1 node.

\SUBTREE::TOP:H908:INPUT_11

 :STARTIDX    

Total of 1 node.

\SUBTREE::TOP:H908:INPUT_12

 :STARTIDX    

Total of 1 node.

\SUBTREE::TOP:H908:INPUT_13

 :STARTIDX    

Total of 1 node.

\SUBTREE::TOP:H908:INPUT_14

 :STARTIDX    

Total of 1 node.

\SUBTREE::TOP:H908:INPUT_15

 :STARTIDX    

Total of 1 node.

\SUBTREE::TOP:H908:INPUT_16

 :STARTIDX    

Total of 1 node.

\SUBTREE::TOP:H908:INPUT_17

 :STARTIDX    

Total of 1 node.

\SUBTREE::TOP:H908:INPUT_18

 :STARTIDX    

Total of 1 node.

\SUBTREE::TOP:H908:INPUT_19

 :STARTIDX    

Total of 1 node.

\SUBTREE::TOP:H908:INPUT_2

 :STARTIDX    

Total of 1 node.

\SUBTREE::TOP:H908:INPUT_20

 :STARTIDX    

Total of 1 node.

\SUBTREE::TOP:H908:INPUT_21

 :STARTIDX    

Total of 1 node.

\SUBTREE::TOP:H908:INPUT_22

 :STARTIDX    

Total of 1 node.

\SUBTREE::TOP:H908:INPUT_23

 :STARTIDX    

Total of 1 node.

\SUBTREE::TOP:H908:INPUT_24

 :STARTIDX    

Total of 1 node.

\SUBTREE::TOP:H908:INPUT_25

 :STARTIDX    

Total of 1 node.

\SUBTREE::TOP:H908:INPUT_26

 :STARTIDX    

Total of 1 node.

\SUBTREE::TOP:H908:INPUT_27

 :STARTIDX    

Total of 1 node.

\SUBTREE::TOP:H908:INPUT_28

 :STARTIDX    

Total of 1 node.

\SUBTREE::TOP:H908:INPUT_29

 :STARTIDX    

Total of 1 node.

\SUBTREE::TOP:H908:INPUT_3

 :STARTIDX    

Total of 1 node.

\SUBTREE::TOP:H908:INPUT_30

 :STARTIDX    

Total of 1 node.

\SUBTREE::TOP:H908:INPUT_31

 :STARTIDX    

Total of 1 node.

\SUBTREE::TOP:H908:INPUT_32

 :STARTIDX    

Total of 1 node.

\SUBTREE::TOP:H908:INPUT_4

 :STARTIDX    

Total of 1 node.

\SUBTREE::TOP:H908:INPUT_5

 :STARTIDX    

Total of 1 node.

\SUBTREE::TOP:H908:INPUT_6

 :STARTIDX    

Total of 1 node.

\SUBTREE::TOP:H908:INPUT_7

 :STARTIDX    

Total of 1 node.

\SUBTREE::TOP:H908:INPUT_8

 :STARTIDX    

Total of 1 node.

\SUBTREE::TOP:H908:INPUT_9

 :STARTIDX    

Total of 1 node.

\SUBTREE::TOP:H912:INPUT_1

 :STARTIDX    

Total of 1 node.

\SUBTREE::TOP:H912:INPUT_10

 :STARTIDX    

Total of 1 node.

\SUBTREE::TOP:H912:INPUT_11

 :STARTIDX    

Total of 1 node.

\SUBTREE::TOP:H912:INPUT_12

 :STARTIDX    

Total of 1 node.

\SUBTREE::TOP:H912:INPUT_13

 :STARTIDX    

Total of 1 node.

\SUBTREE::TOP:H912:INPUT_14

 :STARTIDX    

Total of 1 node.

\SUBTREE::TOP:H912:INPUT_15

 :STARTIDX    

Total of 1 node.

\SUBTREE::TOP:H912:INPUT_2

 :STARTIDX    

Total of 1 node.

\SUBTREE::TOP:H912:INPUT_3

 :STARTIDX    

Total of 1 node.

\SUBTREE::TOP:H912:INPUT_4

 :STARTIDX    

Total of 1 node.

\SUBTREE::TOP:H912:INPUT_5

 :STARTIDX    

Total of 1 node.

\SUBTREE::TOP:H912:INPUT_6

 :STARTIDX    

Total of 1 node.

\SUBTREE::TOP:H912:INPUT_7

 :STARTIDX    

Total of 1 node.

\SUBTREE::TOP:H912:INPUT_8

 :STARTIDX    

Total of 1 node.

\SUBTREE::TOP:H912:INPUT_9

 :STARTIDX    

Total of 1 node.

\SUBTREE::TOP:INCAA16:INPUT_01

 :STARTIDX    

Total of 1 node.

\SUBTREE::TOP:INCAA16:INPUT_02

 :STARTIDX    

Total of 1 node.

\SUBTREE::TOP:INCAA16:INPUT_03

 :STARTIDX    

Total of 1 node.

\SUBTREE::TOP:INCAA16:INPUT_04

 :STARTIDX    

Total of 1 node.

\SUBTREE::TOP:INCAA16:INPUT_05

 :STARTIDX    

Total of 1 node.

\SUBTREE::TOP:INCAA16:INPUT_06

 :STARTIDX    

Total of 1 node.

\SUBTREE::TOP:INCAA16:INPUT_07

 :STARTIDX    

Total of 1 node.

\SUBTREE::TOP:INCAA16:INPUT_08

 :STARTIDX    

Total of 1 node.

\SUBTREE::TOP:INCAA16:INPUT_09

 :STARTIDX    

Total of 1 node.

\SUBTREE::TOP:INCAA16:INPUT_10

 :STARTIDX    

Total of 1 node.

\SUBTREE::TOP:INCAA16:INPUT_11

 :STARTIDX    

Total of 1 node.

\SUBTREE::TOP:INCAA16:INPUT_12

 :STARTIDX    

Total of 1 node.

\SUBTREE::TOP:INCAA16:INPUT_13

 :STARTIDX    

Total of 1 node.

\SUBTREE::TOP:INCAA16:INPUT_14

 :STARTIDX    

Total of 1 node.

\SUBTREE::TOP:INCAA16:INPUT_15

 :STARTIDX    

Total of 1 node.

\SUBTREE::TOP:INCAA16:INPUT_16

 :STARTIDX    

Total of 1 node.

\SUBTREE::TOP:INCAA4:INPUT_1

 :STARTIDX    

Total of 1 node.

\SUBTREE::TOP:INCAA4:INPUT_2

 :STARTIDX    

Total of 1 node.

\SUBTREE::TOP:INCAA4:INPUT_3

 :STARTIDX    

Total of 1 node.

\SUBTREE::TOP:INCAA4:INPUT_4

 :STARTIDX    

Total of 1 node.

\SUBTREE::TOP:INCAA6:INPUT_1

 :STARTIDX    

Total of 1 node.

\SUBTREE::TOP:INCAA6:INPUT_2

 :STARTIDX    

Total of 1 node.

\SUBTREE::TOP:INCAA6:INPUT_3

 :STARTIDX    

Total of 1 node.

\SUBTREE::TOP:INCAA6:INPUT_4

 :STARTIDX    

Total of 1 node.

\SUBTREE::TOP:INCAA6:INPUT_5

 :STARTIDX    

Total of 1 node.

\SUBTREE::TOP:INCAA6:INPUT_6

 :STARTIDX    

Total of 1 node.

\SUBTREE::TOP:JOERGER_TR16:INPUT_01

 :STARTIDX    

Total of 1 node.

\SUBTREE::TOP:JOERGER_TR16:INPUT_02

 :STARTIDX    

Total of 1 node.

\SUBTREE::TOP:JOERGER_TR16:INPUT_03

 :STARTIDX    

Total of 1 node.

\SUBTREE::TOP:JOERGER_TR16:INPUT_04

 :STARTIDX    

Total of 1 node.

\SUBTREE::TOP:JOERGER_TR16:INPUT_05

 :STARTIDX    

Total of 1 node.

\SUBTREE::TOP:JOERGER_TR16:INPUT_06

 :STARTIDX    

Total of 1 node.

\SUBTREE::TOP:JOERGER_TR16:INPUT_07

 :STARTIDX    

Total of 1 node.

\SUBTREE::TOP:JOERGER_TR16:INPUT_08

 :STARTIDX    

Total of 1 node.

\SUBTREE::TOP:JOERGER_TR16:INPUT_09

 :STARTIDX    

Total of 1 node.

\SUBTREE::TOP:JOERGER_TR16:INPUT_10

 :STARTIDX    

Total of 1 node.

\SUBTREE::TOP:JOERGER_TR16:INPUT_11

 :STARTIDX    

Total of 1 node.

\SUBTREE::TOP:JOERGER_TR16:INPUT_12

 :STARTIDX    

Total of 1 node.

\SUBTREE::TOP:JOERGER_TR16:INPUT_13

 :STARTIDX    

Total of 1 node.

\SUBTREE::TOP:JOERGER_TR16:INPUT_14

 :STARTIDX    

Total of 1 node.

\SUBTREE::TOP:JOERGER_TR16:INPUT_15

 :STARTIDX    

Total of 1 node.

\SUBTREE::TOP:JOERGER_TR16:INPUT_16

 :STARTIDX    

Total of 1 node.

\SUBTREE::TOP:JORGER_TR812:CHANNEL_1

 :STARTIDX    

Total of 1 node.

\SUBTREE::TOP:JORGER_TR812:CHANNEL_2

 :STARTIDX    

Total of 1 node.

\SUBTREE::TOP:JORGER_TR812:CHANNEL_3

 :STARTIDX    

Total of 1 node.

\SUBTREE::TOP:JORGER_TR812:CHANNEL_4

 :STARTIDX    

Total of 1 node.

\SUBTREE::TOP:JORGER_TR812:CHANNEL_5

 :STARTIDX    

Total of 1 node.

\SUBTREE::TOP:JORGER_TR812:CHANNEL_6

 :STARTIDX    

Total of 1 node.

\SUBTREE::TOP:JORGER_TR812:CHANNEL_7

 :STARTIDX    

Total of 1 node.

\SUBTREE::TOP:JORGER_TR812:CHANNEL_8

 :STARTIDX    

Total of 1 node.

\SUBTREE::TOP:L6810:INPUT_01

 :STARTIDX    

Total of 1 node.

\SUBTREE::TOP:L6810:INPUT_02

 :STARTIDX    

Total of 1 node.

\SUBTREE::TOP:L6810:INPUT_03

 :STARTIDX    

Total of 1 node.

\SUBTREE::TOP:L6810:INPUT_04

 :STARTIDX    

Total of 1 node.

\SUBTREE::TOP:L8210:INPUT_1

 :STARTIDX    

Total of 1 node.

\SUBTREE::TOP:L8210:INPUT_2

 :STARTIDX    

Total of 1 node.

\SUBTREE::TOP:L8210:INPUT_3

 :STARTIDX    

Total of 1 node.

\SUBTREE::TOP:L8210:INPUT_4

 :STARTIDX    

Total of 1 node.

\SUBTREE::TOP:L8212_32:INPUT_01

 :STARTIDX    

Total of 1 node.

\SUBTREE::TOP:L8212_32:INPUT_02

 :STARTIDX    

Total of 1 node.

\SUBTREE::TOP:L8212_32:INPUT_03

 :STARTIDX    

Total of 1 node.

\SUBTREE::TOP:L8212_32:INPUT_04

 :STARTIDX    

Total of 1 node.

\SUBTREE::TOP:L8212_32:INPUT_05

 :STARTIDX    

Total of 1 node.

\SUBTREE::TOP:L8212_32:INPUT_06

 :STARTIDX    

Total of 1 node.

\SUBTREE::TOP:L8212_32:INPUT_07

 :STARTIDX    

Total of 1 node.

\SUBTREE::TOP:L8212_32:INPUT_08

 :STARTIDX    

Total of 1 node.

\SUBTREE::TOP:L8212_32:INPUT_09

 :STARTIDX    

Total of 1 node.

\SUBTREE::TOP:L8212_32:INPUT_10

 :STARTIDX    

Total of 1 node.

\SUBTREE::TOP:L8212_32:INPUT_11

 :STARTIDX    

Total of 1 node.

\SUBTREE::TOP:L8212_32:INPUT_12

 :STARTIDX    

Total of 1 node.

\SUBTREE::TOP:L8212_32:INPUT_13

 :STARTIDX    

Total of 1 node.

\SUBTREE::TOP:L8212_32:INPUT_14

 :STARTIDX    

Total of 1 node.

\SUBTREE::TOP:L8212_32:INPUT_15

 :STARTIDX    

Total of 1 node.

\SUBTREE::TOP:L8212_32:INPUT_16

 :STARTIDX    

Total of 1 node.

\SUBTREE::TOP:L8212_32:INPUT_17

 :STARTIDX    

Total of 1 node.

\SUBTREE::TOP:L8212_32:INPUT_18

 :STARTIDX    

Total of 1 node.

\SUBTREE::TOP:L8212_32:INPUT_19

 :STARTIDX    

Total of 1 node.

\SUBTREE::TOP:L8212_32:INPUT_20

 :STARTIDX    

Total of 1 node.

\SUBTREE::TOP:L8212_32:INPUT_21

 :STARTIDX    

Total of 1 node.

\SUBTREE::TOP:L8212_32:INPUT_22

 :STARTIDX    

Total of 1 node.

\SUBTREE::TOP:L8212_32:INPUT_23

 :STARTIDX    

Total of 1 node.

\SUBTREE::TOP:L8212_32:INPUT_24

 :STARTIDX    

Total of 1 node.

\SUBTREE::TOP:L8212_32:INPUT_25

 :STARTIDX    

Total of 1 node.

\SUBTREE::TOP:L8212_32:INPUT_26

 :STARTIDX    

Total of 1 node.

\SUBTREE::TOP:L8212_32:INPUT_27

 :STARTIDX    

Total of 1 node.

\SUBTREE::TOP:L8212_32:INPUT_28

 :STARTIDX    

Total of 1 node.

\SUBTREE::TOP:L8212_32:INPUT_29

 :STARTIDX    

Total of 1 node.

\SUBTREE::TOP:L8212_32:INPUT_30

 :STARTIDX    

Total of 1 node.

\SUBTREE::TOP:L8212_32:INPUT_31

 :STARTIDX    

Total of 1 node.

\SUBTREE::TOP:L8212_32:INPUT_32

 :STARTIDX    

Total of 1 node.

\SUBTREE::TOP:L8590:INPUT_1

 :STARTIDX    

Total of 1 node.

\SUBTREE::TOP:L8590:INPUT_2

 :STARTIDX    

Total of 1 node.

\SUBTREE::TOP:L8590:INPUT_3

 :STARTIDX    

Total of 1 node.

\SUBTREE::TOP:L8590:INPUT_4

 :STARTIDX    

Total of 1 node.

\SUBTREE::TOP:L8590:INPUT_5

 :STARTIDX    

Total of 1 node.

\SUBTREE::TOP:L8590:INPUT_6

 :STARTIDX    

Total of 1 node.

\SUBTREE::TOP:L8590:INPUT_7

 :STARTIDX    

Total of 1 node.

\SUBTREE::TOP:L8590:INPUT_8

 :STARTIDX    

Total of 1 node.

\SUBTREE::TOP:L8590_SCLR:INPUT_1

 :STARTIDX    

Total of 1 node.

\SUBTREE::TOP:L8590_SCLR:INPUT_2

 :STARTIDX    

Total of 1 node.

\SUBTREE::TOP:L8590_SCLR:INPUT_3

 :STARTIDX    

Total of 1 node.

\SUBTREE::TOP:L8590_SCLR:INPUT_4

 :STARTIDX    

Total of 1 node.

\SUBTREE::TOP:L8590_SCLR:INPUT_5

 :STARTIDX    

Total of 1 node.

\SUBTREE::TOP:L8590_SCLR:INPUT_6

 :STARTIDX    

Total of 1 node.

\SUBTREE::TOP:L8590_SCLR:INPUT_7

 :STARTIDX    

Total of 1 node.

\SUBTREE::TOP:L8590_SCLR:INPUT_8

 :STARTIDX    

Total of 1 node.

\SUBTREE::TOP:T2812:INPUT_1

 :STARTIDX    

Total of 1 node.

\SUBTREE::TOP:T2812:INPUT_2

 :STARTIDX    

Total of 1 node.

\SUBTREE::TOP:T2812:INPUT_3

 :STARTIDX    

Total of 1 node.

\SUBTREE::TOP:T2812:INPUT_4

 :STARTIDX    

Total of 1 node.

\SUBTREE::TOP:T2812:INPUT_5

 :STARTIDX    

Total of 1 node.

\SUBTREE::TOP:T2812:INPUT_6

 :STARTIDX    

Total of 1 node.

\SUBTREE::TOP:T2812:INPUT_7

 :STARTIDX    

Total of 1 node.

\SUBTREE::TOP:T2812:INPUT_8

 :STARTIDX    

Total of 1 node.

\SUBTREE::TOP:T2814:INPUT_1

 :STARTIDX    

Total of 1 node.

\SUBTREE::TOP:T2814:INPUT_2

 :STARTIDX    

Total of 1 node.

\SUBTREE::TOP:T2814:INPUT_3

 :STARTIDX    

Total of 1 node.

\SUBTREE::TOP:T2814:INPUT_4

 :STARTIDX    

Total of 1 node.

\SUBTREE::TOP:T2824:INPUT_1

 :STARTIDX    

Total of 1 node.

\SUBTREE::TOP:T2825:INPUT_1

 :STARTIDX    

Total of 1 node.

\SUBTREE::TOP:T2825:INPUT_2

 :STARTIDX    

Total of 1 node.

\SUBTREE::TOP:T2825:INPUT_3

 :STARTIDX    

Total of 1 node.

\SUBTREE::TOP:T2825:INPUT_4

 :STARTIDX    

Total of 1 node.

\SUBTREE::TOP:T2860:INPUT_1

 :STARTIDX    

Total of 1 node.

\SUBTREE::TOP:T2860:INPUT_2

 :STARTIDX    

Total of 1 node.

\SUBTREE::TOP:T2860:INPUT_3

 :STARTIDX    

Total of 1 node.

\SUBTREE::TOP:T2860:INPUT_4

 :STARTIDX    

Total of 1 node.

\SUBTREE::TOP:TR612:INPUT_1

 :STARTIDX    

Total of 1 node.

\SUBTREE::TOP:TR612:INPUT_2

 :STARTIDX    

Total of 1 node.

\SUBTREE::TOP:TR612:INPUT_3

 :STARTIDX    

Total of 1 node.

\SUBTREE::TOP:TR612:INPUT_4

 :STARTIDX    

Total of 1 node.

\SUBTREE::TOP:TR612:INPUT_5

 :STARTIDX    

Total of 1 node.

\SUBTREE::TOP:TR612:INPUT_6

 :STARTIDX    

Total of 1 node.


Grand total of 224 nodes.
1
Tcl('dir *:input_01:startidx')

\SUBTREE::TOP:EC727:INPUT_01

 :STARTIDX    

Total of 1 node.

\SUBTREE::TOP:INCAA16:INPUT_01

 :STARTIDX    

Total of 1 node.

\SUBTREE::TOP:JOERGER_TR16:INPUT_01

 :STARTIDX    

Total of 1 node.

\SUBTREE::TOP:L6810:INPUT_01

 :STARTIDX    

Total of 1 node.

\SUBTREE::TOP:L8212_32:INPUT_01

 :STARTIDX    

Total of 1 node.


Grand total of 5 nodes.
1
dir 1*
%TDI-E-SYNTAX, Bad punctuation or misspelled word or number
%TDI Error compiling region marked by ^
dir 1*
    ^
%TDI Error in EXECUTE("dir 1*")

treeopennew('main',-1)
265389633
treeaddnode('B',_n,6)
265389633
treeWrite()
265389633
TreeShr->_TreeSetXNci(val(TreeShr->TreeDbid:P()),val(1),ref("MyAttr"),descr(123))
265389633
_dat=SIN(_dim=0:($2PI):.1);TreeShr->_TreeXNciMakeSegment(val(TreeShr->TreeDbid:P()),val(1),ref("MySeg"),descr(0.),descr($2PI),descr(_dim),descr(_dat),val(-1),val(SHAPE(_dim)[0]))
265389633
List(_d=_t=*,TreeShr->_TreeXNciGetSegment(val(TreeShr->TreeDbid:P()),val(1),ref("MYSEG"),val(0),xd(_d),xd(_t)),ALL(_t==_dim),ALL(_d==_dat))
List(,265389633,1BU,1BU)
List(_d=*,TreeShr->_TreeGetXNci(val(TreeShr->TreeDbid:P()),val(1),ref("AttributeNames"),xd(_d)),_d)
List(,265389633,["MyAttr"])
List(_d=*,TreeShr->_TreeGetXNci(val(TreeShr->TreeDbid:P()),val(1),ref("MYSEG"),xd(_d)),_d)
List(,265388218,$Missing)
List(_d=*,TreeShr->_TreeGetXNci(val(TreeShr->TreeDbid:P()),val(1),ref("MYATTR"),xd(_d)),_d)
List(,1,123)
tcl('compress main')
265389633
treeopen('main',-1,1)
265389633
List(_d=_t=*,TreeShr->_TreeXNciGetSegment(val(TreeShr->TreeDbid:P()),val(1),ref("MYSEG"),val(0),xd(_d),xd(_t)),ALL(_t==_dim),ALL(_d==_dat))
List(,1,1BU,1BU)
List(_d=*,TreeShr->_TreeGetXNci(val(TreeShr->TreeDbid:P()),val(1),ref("AttributeNames"),xd(_d)),_d)
List(,265389633,["MyAttr"])
List(_d=*,TreeShr->_TreeGetXNci(val(TreeShr->TreeDbid:P()),val(1),ref("MYSEG"),xd(_d)),_d)
List(,265388218,$Missing)
List(_d=*,TreeShr->_TreeGetXNci(val(TreeShr->TreeDbid:P()),val(1),ref("MYATTR"),xd(_d)),_d)
List(,1,123)
