Tcl('edit main/shot=5/new')
265388041
Tcl('add node a12/model=a12')
265388041
Tcl('decompile a12')
Build_Conglom("MIT$DEVICES", "A12", *, *)
1
Tcl('dir/full a12')

\MAIN::TOP

 :A12         
      Status: on,parent is on, usage device,readonly
      compress on put
      Model element: 1

Total of 1 node.
1
Tcl('do/method a12 not_a_method')
Error executing device method
Error message was: %TREE-W-NOMETHOD, Method not available for this object
mdsdcl: --> failed on line 'do/method a12 not_a_method'
265388208
Tcl('set default a12')
265388041
Tcl('show default')
\MAIN::TOP:A12
1
Tcl('dir/full a12')

Total of 0 nodes.
1
Tcl('set node a12/nowrite_once')
Error message was: %TREE-W-NNF, Node Not Found
mdsdcl: --> failed on line 'set node a12/nowrite_once'
265388144
Tcl('dir/full a12')

Total of 0 nodes.
1
Tcl('set node a12/shot/model/off/compress/do_not/log')
Error message was: %TREE-W-NNF, Node Not Found
mdsdcl: --> failed on line 'set node a12/shot/model/off/compress/do_not/log'
265388144
Tcl('dir/full a12')

Total of 0 nodes.
1
Tcl('show data a12')
1
getnci(:name,"original_part_name")
":NAME"
