Tcl('set command tcl')
1
Tcl('set tree main')
265388041
Tcl('dir')
  
\MAIN::TOP
  
 :MEMBER      
  
  CHILD         SUBTREE     
  
Total of 3 nodes.
1
Tcl('dir/tag')
 
Tag listing for *::*
 
\MAIN::TOP
\SUBTREE::TOP
\SUBTREE::A12_INPUT_1
\SUBTREE::A12_INPUT_2
\SUBTREE::A12_INPUT_3
\SUBTREE::A12_INPUT_4
\SUBTREE::A12_INPUT_6
Total of 7 tags

1
Tcl('dir/tag *sub*::*')
 
Tag listing for *sub*::*
 
\SUBTREE::TOP
\SUBTREE::A12_INPUT_1
\SUBTREE::A12_INPUT_2
\SUBTREE::A12_INPUT_3
\SUBTREE::A12_INPUT_4
\SUBTREE::A12_INPUT_6
Total of 6 tags

1
Tcl('set default .subtree')
265388041
Tcl('set def \main')
265388144
Tcl('dir A*/FULL')
  
\SUBTREE::TOP
  
 :A12         
      Status: on,parent is on, usage device,readonly
      Data inserted:  3-NOV-1994 09:43:55    Owner: [100,100]
      Dtype: DTYPE_CONGLOM         Class: CLASS_R             Length: 58 bytes
      Model element: 1
TreeDoMethod not currently implemented
 :A14         
      Status: on,parent is on, usage device,readonly
      Data inserted:  3-NOV-1994 09:43:55    Owner: [100,100]
      Dtype: DTYPE_CONGLOM         Class: CLASS_R             Length: 58 bytes
      Model element: 1
TreeDoMethod not currently implemented
 :A3204       
      Status: on,parent is on, usage device,readonly
      Data inserted:  3-NOV-1994 09:43:55    Owner: [100,100]
      Dtype: DTYPE_CONGLOM         Class: CLASS_R             Length: 60 bytes
      Model element: 1
TreeDoMethod not currently implemented
  
Total of 3 nodes.
1
